---
source: bin/kobo-cli/tests/test_run.rs
assertion_line: 277
expression: output.stdout
---
// kobo: _value @ line 1 -> plain (local-only non-Copy binding)
fn mutate<T>(_value: &mut T) {}
fn main() {
// kobo: x @ line 4 -> plain (local-only non-Copy binding)
    let mut x = String::from("kobo");
    if true {
        mutate(&mut x);
    }
    println!("{}", x.len());
}
