---
source: bin/kobo-cli/tests/test_ui.rs
assertion_line: 342
expression: output.stderr
---
error[K0041]: cannot enter @strict block - value has active aliases
  --> tests\ui\strict_k0041_active_alias.kobo:5:9
  |
3 |     let alias = data.clone();
  |                 ------------ alias created here
5 |         data.borrow_mut().push(4);
  |         ^^^^^^^^^^^^^^^^^^^^^^^^^^ active aliases at @strict block entry
  |
why: value has 1 active alias when the @strict block starts; all aliases must end before the boundary is entered
fix: drop or explicitly clone-then-drop aliases before the @strict { } boundary
