---
source: bin/kobo-cli/tests/test_ui.rs
assertion_line: 294
expression: output.stderr
---
error[K0041]: cannot enter @strict block - value has active aliases
  --> tests\ui\strict_k0041_active_alias.kobo
   |
   | [bytes 106..148] active aliases at @strict block entry

  --> tests\ui\strict_k0041_active_alias.kobo:3:17
  |
3 |     let alias = data.clone();
  |                 ------------ alias created here
   = value has 1 active Rc alias at the point of entering @strict; all aliases must be dropped before the @strict block is entered
   = kobo decision: drop or explicitly clone-then-drop aliases before the @strict { } boundary
Error: analysis failed
