---
source: bin/kobo-cli/tests/test_ui.rs
assertion_line: 358
expression: output.stderr
---
error[K0041]: I need aliases to end before this strict block
  --> tests\ui\strict_k0042_closure_capture.kobo:5:9
  |
3 |     let _shared = data.clone();
  |                   ------------ alias created here
5 |         let f = || data.borrow_mut().push(4);
  |         ^^^^^^^^^^^^^^^^^^^^^^^^^^^^^^^^^^^^^ active aliases at @strict block entry
  |

I found: active aliases at @strict block entry

Why I care: value has 1 active alias when the @strict block starts; all aliases must end before the boundary is entered

Try this:
  drop or explicitly clone-then-drop aliases before the @strict { } boundary

Hint: Run `kobo explain K0041`.


error[K0042]: closure captures value across @strict boundary
  --> tests\ui\strict_k0042_closure_capture.kobo:5:27
  |
5 |         let f = || data.borrow_mut().push(4);
  |         ------------------------------------- @strict block here
5 |         let f = || data.borrow_mut().push(4);
  |                           ^^^^^^^^^^^^^^^^^^^ closure captures a shared mutable binding across @strict boundary
  |

I found: closure captures a shared mutable binding across @strict boundary

Why I care: a closure defined inside an @strict block captures a shared mutable binding; calling the closure later could keep the strict borrow alive after the block ends

Try this:
  extract the closure outside the @strict block, or refactor to avoid capturing the guarded value

Hint: Run `kobo explain K0042`.
