---
source: bin/kobo-cli/tests/test_ui.rs
expression: output.stderr
---
warning[K0025]: soft hint ignored - constraint conflict
  --> tests\ui\K0025_hint_ignored.kobo:4:30
  |
4 |     #[kobo::hint(ownership = "move")]
  |                              ^^^^^^ hint requests move ownership here
5 |     let buf = String::from("kobo");
  |         --- hint applies to this binding
  |
   = hint `ownership = "move"` conflicts with mutable borrowing requires the shared-mutable floor for `buf`
   = kobo decision: assigned rc_refcell (greedy priority 5) after the hinted candidate failed
help: drop the later alias, or change the hint to match the actual usage pattern
run: kobo check tests\ui\K0025_hint_ignored.kobo:4
